09:27:14 **** Incremental Build of configuration Debug for project EX1 ****
make -j8 all 
arm-none-eabi-gcc -o "EX1.elf" @"objects.list"   -mcpu=cortex-m3 -T"E:\HK221\VXL\LAB1\STM32\EX1\STM32F103C6UX_FLASH.ld" --specs=nosys.specs -Wl,-Map="EX1.map" -Wl,--gc-sections -static --specs=nano.specs -mfloat-abi=soft -mthumb -Wl,--start-group -lc -lm -Wl,--end-group
Finished building target: EX1.elf
 
arm-none-eabi-size   EX1.elf 
arm-none-eabi-objdump -h -S  EX1.elf  > "EX1.list"
arm-none-eabi-objcopy  -O ihex  EX1.elf  "EX1.hex"
   text	   data	    bss	    dec	    hex	filename
   4616	     20	   1572	   6208	   1840	EX1.elf
arm-none-eabi-objcopy  -O binary  EX1.elf  "EX1.bin"
Finished building: default.size.stdout
 
Finished building: EX1.hex
Finished building: EX1.list
 
Finished building: EX1.bin
 
 

09:27:15 Build Finished. 0 errors, 0 warnings. (took 659ms)

